// Jest Snapshot v1, https://goo.gl/fbAQLP

exports[`With React Testing Library Snapshot Should match Snapshot 1`] = `
<DocumentFragment>
  <main
    class="css-17calk8"
  >
    <div
      class="css-13wevqw"
    >
      <div
        class="css-1gy22ay"
      >
        Loading...
      </div>
    </div>
    Home
  </main>
</DocumentFragment>
`;
